// Jest Snapshot v1, https://goo.gl/fbAQLP

exports[`fixture 1`] = `
"{
  \\"dir\\": \\"/../bolt-query/fixture\\",
  \\"pkgPath\\": \\"/../bolt-query/fixture/package.json\\",
  \\"pkg\\": {
    \\"name\\": \\"fixture\\",
    \\"version\\": \\"1.0.0\\",
    \\"pworkspaces\\": [
      \\"packages/*\\"
    ]
  },
  \\"files\\": {
    \\"readme\\": [
      {
        \\"filePath\\": \\"/../bolt-query/fixture/README.md\\",
        \\"fileContents\\": \\"# Hello, World!\\\\n\\"
      }
    ],
    \\"releases\\": [
      {
        \\"filePath\\": \\"/../bolt-query/fixture/releases/introducing-fixture.md\\",
        \\"fileContents\\": \\"# Introducing: Fixture\\\\n\\\\n> Woah, omg!\\\\n\\"
      },
      {
        \\"filePath\\": \\"/../bolt-query/fixture/releases/launching-1.0.md\\",
        \\"fileContents\\": \\"# Launching 1.0\\\\n\\\\n> Yay! We did it!\\\\n\\"
      }
    ]
  },
  \\"workspaces\\": []
}"
`;
